// Jest Snapshot v1, https://goo.gl/fbAQLP

exports[`Heading renders correctly 1`] = `
<div>
  <div
    class="mb-8 md:mb-16"
  >
    <div
      class="text-center max-w-lg mx-auto"
    >
      <h1
        class="text-xl sm:text-3xl mb-4 font-b162 font-bold"
      />
      <h2
        class="text-sm sm:text-lg"
      />
    </div>
  </div>
</div>
`;
