// Jest Snapshot v1, https://goo.gl/fbAQLP

exports[`Service renders correctly 1`] = `
<div>
  <div
    class="grid grid-cols-1 sm:grid-cols-3 gap-x-0 gap-y-8 md:gap-8"
  >
    <div
      class="col-span-1"
    >
      <img
        alt=""
        class="w-16 h-16 mx-auto"
        data-nimg="1"
        decoding="async"
        loading="lazy"
        src=""
        style="color: transparent;"
      />
    </div>
    <div
      class="col-span-2"
    >
      <div
        class="text-center sm:text-left"
      >
        <div
          class="mb-4"
        >
          <h3
            class="font-bold text-md sm:text-lg"
          />
        </div>
        <p />
      </div>
    </div>
  </div>
</div>
`;
