// Jest Snapshot v1, https://goo.gl/fbAQLP

exports[`Checkbox renders correctly 1`] = `
<div>
  <label
    class="flex items-center gap-2"
    for=""
  >
    <input
      class="hidden"
      id=""
      name=""
      type="checkbox"
      value=""
    />
    <div
      class="w-5 h-5 rounded border border-2"
    />
    <span
      class="text-sm text-gray-500"
    />
  </label>
</div>
`;
